BSDRP automatized upgrade/configuration-sets/benchs script

This script will start 1 bench tests using:
 - Multiples images to test: no
 - Multiples configuration-sets to test: yes
 - Multiples pkt-gen configuration to test: yes
 - Number of iteration for each set: 1
 - Results dir: results/fbsd16-n311215/PMC/on
 - PMC mode: Will collect PMC data

Testing ICMP connectivity to each devices:
  sm1.lab.cochard.me...OK
  sm1.lab.cochard.me...OK
  apu2-2.lab.cochard.me...OK
Testing SSH connectivity with key to each devices:
  sm1.lab.cochard.me...OK
  sm1.lab.cochard.me...OK
  apu2-2.lab.cochard.me...OK
Starting the benchs
Start configuration set: simple_tx_on
Uploading cfg /tmp/pmc-cfg-on/simple_tx_on to apu2-2.lab.cochard.me
Rebooting apu2-2.lab.cochard.me and waiting device return online...done
Start pkt-gen set: /tmp/pmc-pktgen/inet4
Start bench serie bench.simple_tx_on.inet4.1
Waiting for end of bench 1/1...pmcstat: WARNING: at least 4458679 events were discarded while running.
Please consider tuning the "kern.hwpmc.nbuffers_pcpu" tunable.
done
All bench tests were done, results in results/fbsd16-n311215/PMC/on
