BSDRP automatized upgrade/configuration-sets/benchs script

This script will start 1 bench tests using:
 - Multiples images to test: no
 - Multiples configuration-sets to test: yes
 - Multiples pkt-gen configuration to test: yes
 - Number of iteration for each set: 1
 - Results dir: results/fbsd16-n311215/PMC/off
 - PMC mode: Will collect PMC data

Testing ICMP connectivity to each devices:
  sm1.lab.cochard.me...OK
  sm1.lab.cochard.me...OK
  apu2-2.lab.cochard.me...OK
Testing SSH connectivity with key to each devices:
  sm1.lab.cochard.me...OK
  sm1.lab.cochard.me...OK
  apu2-2.lab.cochard.me...OK
Starting the benchs
Start configuration set: simple_tx_off_default
Uploading cfg /tmp/pmc-cfg-off/simple_tx_off_default to apu2-2.lab.cochard.me
Rebooting apu2-2.lab.cochard.me and waiting device return online...done
Start pkt-gen set: /tmp/pmc-pktgen/inet4
Start bench serie bench.simple_tx_off_default.inet4.1
Waiting for end of bench 1/1...DEBUG: Can't kill pkt-gen on sm1.lab.cochard.me
done
All bench tests were done, results in results/fbsd16-n311215/PMC/off
