BSDRP automatized upgrade/configuration-sets/benchs script

This script will start 7 bench tests using:
 - Multiples images to test: no
 - Multiples configuration-sets to test: yes
 - Multiples pkt-gen configuration to test: yes
 - Number of iteration for each set: 1
 - Results dir: /tmp/pmc-n313366-out
 - PMC mode: Will collect PMC data

Testing ICMP connectivity to each devices:
  192.168.100.4...OK
  192.168.100.4...OK
  192.168.100.42...OK
Testing SSH connectivity with key to each devices:
  192.168.100.4...OK
  192.168.100.4...OK
  192.168.100.42...OK
Starting the benchs
Start configuration set: forwarding
Uploading cfg /tmp/pmc-n313366-cfg/forwarding to 192.168.100.42
Rebooting 192.168.100.42 and waiting device return online...done
Start pkt-gen set: /tmp/pmc-n313366-pktgen/inet4
Start bench serie bench.forwarding.inet4.1
Waiting for end of bench 1/7...pmcstat: WARNING: at least 2325567 events were discarded while running.
Please consider tuning the "kern.hwpmc.nbuffers_pcpu" tunable.
done
Start configuration set: ipf-stateful
Uploading cfg /tmp/pmc-n313366-cfg/ipf-stateful to 192.168.100.42
Rebooting 192.168.100.42 and waiting device return online...